{
  "mean": 2.0,
  "std": 0.4,
  "tolerance": 0.3
}
